[backblue.gif]
[fade.gif]
[index.html]
[apple-touch-icon.png]
[https_/www.classcentral.com/images/meta/meta-default6dba.png]
[favicon-32x32.png]
[favicon-16x16.png]
[site.webmanifest]
[fonts/source-sans-pro-hinted/source-sans-pro-400-italic-greek-ext.woff2]
[fonts/source-sans-pro-hinted/source-sans-pro-400-italic-cyrillic-ext.woff2]
[fonts/source-sans-pro-hinted/source-sans-pro-400-italic-greek.woff2]
[fonts/source-sans-pro-hinted/source-sans-pro-400-italic-vietnamese.woff2]
[fonts/source-sans-pro-hinted/source-sans-pro-400-italic-latin-ext.woff2]
[fonts/source-sans-pro-hinted/source-sans-pro-400-italic-latin.woff2]
[fonts/source-sans-pro-hinted/source-sans-pro-400-regular-cyrillic-ext.woff2]
[fonts/source-sans-pro-hinted/source-sans-pro-400-regular-cyrillic.woff2]
[fonts/source-sans-pro-hinted/source-sans-pro-400-regular-greek-ext.woff2]
[fonts/source-sans-pro-hinted/source-sans-pro-400-regular-greek.woff2]
[fonts/source-sans-pro-hinted/source-sans-pro-400-regular-vietnamese.woff2]
[fonts/source-sans-pro-hinted/source-sans-pro-400-regular-latin-ext.woff2]
[fonts/source-sans-pro-hinted/source-sans-pro-400-regular-latin.woff2]
[fonts/source-sans-pro-hinted/source-sans-pro-600-semibold-cyrillic-ext.woff2]
[fonts/source-sans-pro-hinted/source-sans-pro-600-semibold-cyrillic.woff2]
[fonts/source-sans-pro-hinted/source-sans-pro-600-semibold-greek-ext.woff2]
[fonts/source-sans-pro-hinted/source-sans-pro-600-semibold-greek.woff2]
[fonts/source-sans-pro-hinted/source-sans-pro-600-semibold-vietnamese.woff2]
[fonts/source-sans-pro-hinted/source-sans-pro-600-semibold-latin-ext.woff2]
[fonts/source-sans-pro-hinted/source-sans-pro-600-semibold-latin.woff2]
[fonts/source-sans-pro-hinted/source-sans-pro-700-bold-cyrillic-ext.woff2]
[fonts/source-sans-pro-hinted/source-sans-pro-700-bold-cyrillic.woff2]
[fonts/source-sans-pro-hinted/source-sans-pro-700-bold-greek-ext.woff2]
[fonts/source-sans-pro-hinted/source-sans-pro-700-bold-greek.woff2]
[fonts/source-sans-pro-hinted/source-sans-pro-700-bold-vietnamese.woff2]
[fonts/source-sans-pro-hinted/source-sans-pro-700-bold-latin-ext.woff2]
[fonts/source-sans-pro-hinted/source-sans-pro-700-bold-latin.woff2]
[images/fade-gradient.png]
[analytics.js]
[https_/www.classcentral.com/images/best-courses/mini-banner-best-of-all-timec7ac.png]
[https_/www.classcentral.com/images/best-courses/mini-banner-best-of-all-time3e68.png]
[https_/www.classcentral.com/images/best-courses/mini-banner-most-popular-of-all-time0931.png]
[https_/www.classcentral.com/images/best-courses/mini-banner-most-popular-of-all-time45d9.png]
[https_/www.classcentral.com/images/collections/collection-coursera-free-coursesd038.png]
[https_/www.classcentral.com/images/collections/collection-coursera-free-courses08e8.png]
[https_/www.classcentral.com/images/collections/collection-ivy-league-moocs-social5b92.jpg]
[https_/www.classcentral.com/images/collections/collection-ivy-league-moocs-social1fe9.jpg]
[https_/www.classcentral.com/images/collections/collection-free-certificates7462.png]
[https_/www.classcentral.com/images/collections/collection-free-certificatesbc95.png]
[https_/www.classcentral.com/images/collections/collection-google-certsa0be.png]
[https_/www.classcentral.com/images/collections/collection-google-certsc6f1.png]
[opensearch.xml]
[https_/www.classcentral.com/report/wp-content/uploads/2023/01/2022-year-in-review-bannera34a.png]
[https_/www.classcentral.com/images/lists/list-empty6407.png]
[https_/www.classcentral.com/images/illustrations/learning-illustration-black-history-month-01b6a2.png]
[https_/www.classcentral.com/images/icon-free-certificates1174.png]
[https_/www.classcentral.com/images/icon-ivy-league6438.png]
[https_/www.classcentral.com/images/icon-best-all-time6b4b.png]
[https_/www.classcentral.com/images/logos/institutions/stanford-trn-sq17f6.png]
[https_/www.classcentral.com/images/icon-csaed6.png]
[https_/www.classcentral.com/images/icon-sustainability9a1a.png]
[https_/www.classcentral.com/images/logos/institutions/mit-trn-sqf645.png]
[https_/www.classcentral.com/images/logos/institutions/google-trn-sqffa8.png]
[https_/www.classcentral.com/images/logos/institutions/amazon-trn-sqc0bb.png]
[https_/www.classcentral.com/images/icon-business39ff.png]
[https_/www.classcentral.com/images/logos/homepage/harvard12fb.png]
[https_/www.classcentral.com/images/logos/homepage/harvard24a9.png]
[https_/www.classcentral.com/images/logos/homepage/stanford5813.png]
[https_/www.classcentral.com/images/logos/homepage/stanford692f.png]
[https_/www.classcentral.com/images/logos/homepage/iit-kharagpurbad5.png]
[https_/www.classcentral.com/images/logos/homepage/iit-kharagpur3e7e.png]
[https_/www.classcentral.com/images/logos/homepage/mit7179.png]
[https_/www.classcentral.com/images/logos/homepage/mit6803.png]
[https_/www.classcentral.com/images/logos/homepage/ricec4e3.png]
[https_/www.classcentral.com/images/logos/homepage/ricecc22.png]
[https_/www.classcentral.com/images/logos/homepage/iitm5204.png]
[https_/www.classcentral.com/images/logos/homepage/iitm3280.png]
[https_/www.classcentral.com/images/logos/homepage/columbia9b1a.png]
[https_/www.classcentral.com/images/logos/homepage/columbia3755.png]
[https_/www.classcentral.com/images/logos/homepage/cornella27f.png]
[https_/www.classcentral.com/images/logos/homepage/cornell9c0f.png]
[https_/www.classcentral.com/images/logos/homepage/edinburgh47df.png]
[https_/www.classcentral.com/images/logos/homepage/edinburgh3216.png]
[https_/www.classcentral.com/images/logos/homepage/purdue21f6.png]
[https_/www.classcentral.com/images/logos/homepage/purdue39cf.png]
[https_/www.classcentral.com/images/logos/homepage/pennab51.png]
[https_/www.classcentral.com/images/logos/homepage/penn0cdc.png]
[https_/www.classcentral.com/images/logos/homepage/dukedf08.png]
[https_/www.classcentral.com/images/logos/homepage/dukebf93.png]
[https_/www.classcentral.com/images/logos/homepage/umichb05a.png]
[https_/www.classcentral.com/images/logos/homepage/umich1bfb.png]
[https_/www.classcentral.com/images/logos/providers/coursera-trn-sqf873.png]
[https_/www.classcentral.com/images/logos/providers/coursera-trn-sqc43d.png]
[https_/www.classcentral.com/images/logos/providers/edx-trn-sq7d7a.png]
[https_/www.classcentral.com/images/logos/providers/edx-trn-sqe227.png]
[https_/www.classcentral.com/images/logos/providers/futurelearn-trn-sq1970.png]
[https_/www.classcentral.com/images/logos/providers/futurelearn-trn-sqc75e.png]
[https_/www.classcentral.com/images/logos/providers/udemy-trn-sqd9e7.png]
[https_/www.classcentral.com/images/logos/providers/udemy-trn-sq6b36.png]
[https_/www.classcentral.com/images/logos/providers/swayam-trn-sqb82e.png]
[https_/www.classcentral.com/images/logos/providers/swayam-trn-sq20ea.png]
[https_/www.classcentral.com/images/logos/providers/linkedin-learning-trn-sq6510.png]
[https_/www.classcentral.com/images/logos/providers/linkedin-learning-trn-sq8c39.png]
[https_/www.classcentral.com/images/logos/providers/skillshare-trn-sqad55.png]
[https_/www.classcentral.com/images/logos/providers/skillshare-trn-sq9645.png]
[https_/www.classcentral.com/images/logos/homepage/google26e5.png]
[https_/www.classcentral.com/images/logos/homepage/googlec927.png]
[https_/www.classcentral.com/images/logos/homepage/amazon11a8.png]
[https_/www.classcentral.com/images/logos/homepage/amazonbfc4.png]
[https_/www.classcentral.com/images/logos/homepage/microsoftca5a.png]
[https_/www.classcentral.com/images/logos/homepage/microsofte4df.png]
[https_/www.classcentral.com/images/logos/homepage/ibm7639.png]
[https_/www.classcentral.com/images/logos/homepage/ibmb3ff.png]
[https_/www.classcentral.com/images/logos/homepage/smithsonian0cee.png]
[https_/www.classcentral.com/images/logos/homepage/smithsonian8661.png]
[https_/www.classcentral.com/images/logos/homepage/united-nationsaaac.png]
[https_/www.classcentral.com/images/logos/homepage/united-nationsa2cd.png]
[https_/www.classcentral.com/images/logos/homepage/british-councilbe04.png]
[https_/www.classcentral.com/images/logos/homepage/british-council9165.png]
[https_/www.classcentral.com/images/best-courses/mini-banner-best-of-all-time992b.png]
[https_/www.classcentral.com/images/best-courses/mini-banner-best-of-all-time5fef.png]
[https_/www.classcentral.com/images/best-courses/mini-banner-best-of-2022a427.png]
[https_/www.classcentral.com/images/best-courses/mini-banner-best-of-20226fc4.png]
[https_/www.classcentral.com/report/wp-content/uploads/2021/02/coursera-free-courses8190.png]
[report/feed/index.html]
[https_/www.classcentral.com/report/wp-content/uploads/2021/02/coursera-free-coursesccc4.png]
[https_/www.classcentral.com/report/wp-content/uploads/2023/02/Resume-Writing-BCG-Bannera1ce.png]
[https_/www.classcentral.com/report/wp-content/uploads/2023/02/Resume-Writing-BCG-Banner6802.png]
[index-2.html]
[https_/www.classcentral.com/report/wp-content/uploads/2023/02/OCaml-BCG-Bannerefde.png]
[https_/www.classcentral.com/report/wp-content/uploads/2023/02/OCaml-BCG-Banner74c2.png]
[https_/www.classcentral.com/report/wp-content/uploads/2023/02/DaVinci-Resolve-BCG-Bannerb69f.png]
[safari-pinned-tab.svg]
[https_/www.classcentral.com/report/wp-content/uploads/2023/02/DaVinci-Resolve-BCG-Bannera890.png]
[https_/www.classcentral.com/report/wp-content/uploads/2023/02/Prolog-BCG-Bannerfcfa.png]
[https_/www.classcentral.com/report/wp-content/uploads/2023/02/Prolog-BCG-Banner51ad.png]
[https_/www.classcentral.com/report/wp-content/uploads/2023/02/ASL-BCG-Bannerdfd1.png]
[https_/www.classcentral.com/report/wp-content/uploads/2023/02/ASL-BCG-Banner4fc9.png]
[https_/www.classcentral.com/images/collections/collections-udemy-top-coursesa8d4.png]
[https_/www.classcentral.com/images/collections/collections-udemy-top-coursesb42d.png]
[https_/www.classcentral.com/images/collections/collection-india-ugc-approved-online-degrees7238.png]
[https_/www.classcentral.com/images/collections/collection-india-ugc-approved-online-degrees058b.png]
[https_/www.classcentral.com/images/collections/collection-earn-a-masters-degree-social3f9b.png]
[https_/www.classcentral.com/images/collections/collection-earn-a-masters-degree-sociald381.png]
[https_/www.classcentral.com/images/collections/collection-microcredentials-socialc08f.png]
[https_/www.classcentral.com/images/collections/collection-microcredentials-social5dfd.png]
[https_/www.classcentral.com/images/collections/collection-ivy-league-moocs-social9f0a.jpg]
[https_/www.classcentral.com/images/collections/collection-ivy-league-moocs-sociale573.jpg]
[https_/www.classcentral.com/images/collections/collection-most-popular-all-time-social611f.png]
[https_/www.classcentral.com/images/collections/collection-most-popular-all-time-social1b82.png]
[100717250ns.gif]
[rankings.html]
[collections.html]
[cdn-cgi/scripts/5c5dd728/cloudflare-static/email-decode.min.js]
[subjects.html]
[webpack/analytics.2edefc668ab4db842c41.js]
[subject/cs.html]
[subject/health.html]
[subject/maths.html]
[subject/business.html]
[subject/humanities.html]
[subject/engineering.html]
[subject/science.html]
[subject/education.html]
[subject/social-sciences.html]
[subject/art-and-design.html]
[subject/data-science.html]
[subject/programming-and-software-development.html]
[subject/personal-development.html]
[subject/infosec.html]
[universities.html]
[report/index.html]
[collection/top-free-online-courses.html]
[report/most-popular-online-courses/index.html]
[report/best-free-online-courses-2022/index.html]
[report/best-free-online-courses-2021/index.html]
[report/most-popular-courses-2022/index.html]
[report/100-most-popular-online-courses-2021/index.html]
[collection/ivy-league-moocs.html]
[report/coursera-free-online-courses/index.html]
[report/free-certificates/index.html]
[report/free-google-certifications/index.html]
[starting-this-month.html]
[new-online-courses/february-2023.html]
[report/most-popular-february-2023/index.html]
[subject/ai.html]
[subject/algorithms-and-data-structures.html]
[subject/internet-of-things.html]
[subject/information-technology.html]
[subject/computer-networking.html]
[subject/machine-learning.html]
[subject/devops.html]
[subject/deep-learning.html]
[subject/cryptography.html]
[subject/quantum-computing.html]
[subject/hci.html]
[subject/distributed-systems.html]
[subject/blockchain.html]
[subject/operating-systems.html]
[subject/computer-graphics.html]
[subject/nutrition-and-wellness.html]
[subject/disease-and-disorders.html]
[subject/public-health.html]
[subject/health-care.html]
[subject/nursing.html]
[subject/anatomy.html]
[subject/veterinary-science.html]
[subject/cme.html]
[subject/statistics.html]
[subject/foundations-of-mathematics.html]
[subject/calculus.html]
[subject/discrete-mathematics.html]
[subject/trigonometry.html]
[subject/geometry.html]
[subject/algebra.html]
[subject/precalculus.html]
[subject/number-theory.html]
[subject/combinatorics.html]
[subject/mathematical-logic.html]
[subject/linear-programming.html]
[subject/management-and-leadership.html]
[subject/finance.html]
[subject/entrepreneurship.html]
[subject/marketing.html]
[subject/strategic-management.html]
[subject/industry-specific.html]
[subject/business-intelligence.html]
[subject/accounting.html]
[subject/human-resources.html]
[subject/project-management.html]
[subject/sales.html]
[subject/design-thinking.html]
[subject/business-software.html]
[subject/risk-management.html]
[subject/csr.html]
[subject/customer-service.html]
[subject/nonprofit.html]
[subject/innovation.html]
[subject/operations-management.html]
[subject/history.html]
[subject/literature.html]
[subject/language-learning.html]
[subject/grammar-writing.html]
[subject/philosophy.html]
[subject/religion.html]
[subject/esl.html]
[subject/culture.html]
[subject/sports.html]
[subject/journalism.html]
[subject/ethics.html]
[subject/linguistics.html]
[subject/food.html]
[subject/library-science.html]
[subject/reading.html]
[subject/crisis-management.html]
[subject/electrical-engineering.html]
[subject/mechanical-engineering.html]
[subject/civil-engineering.html]
[subject/robotics.html]
[subject/nanotechnology.html]
[subject/gis.html]
[subject/textiles.html]
[subject/manufacturing.html]
[subject/bim.html]
[subject/cad.html]
[subject/chemical-engineering.html]
[subject/energy-systems.html]
[subject/aerospace-engineering.html]
[subject/chemistry.html]
[subject/physics.html]
[subject/environmental-science.html]
[subject/astronomy.html]
[subject/biology.html]
[subject/agriculture.html]
[subject/materials-science.html]
[subject/earth-science.html]
[subject/applied-science.html]
[subject/forensic-science.html]
[subject/k12.html]
[subject/higher-education.html]
[subject/stem.html]
[subject/teacher-development.html]
[subject/course-development.html]
[subject/online-education.html]
[subject/test-prep.html]
[subject/pedagogy.html]
[subject/sociology.html]
[subject/economics.html]
[subject/psychology.html]
[subject/anthropology.html]
[subject/political-science.html]
[subject/law.html]
[subject/urban-planning.html]
[subject/human-rights.html]
[subject/sustainability.html]
[subject/governance.html]
[subject/archaeology.html]
[subject/social-work.html]
[subject/music.html]
[subject/digital-media.html]
[subject/visual-arts.html]
[subject/design-and-creativity.html]
[subject/bioinformatics.html]
[subject/big-data.html]
[subject/data-mining.html]
[subject/data-analysis.html]
[subject/data-visualization.html]
[subject/jupyter.html]
[subject/mobile-development.html]
[subject/web-development.html]
[subject/databases.html]
[subject/game-development.html]
[subject/programming-languages.html]
[subject/software-development.html]
[subject/cloud-computing.html]
[subject/communication-skills.html]
[subject/career-development.html]
[subject/self-improvement.html]
[subject/presentation-skills.html]
[subject/resilience.html]
[subject/cybersecurity.html]
[subject/network-security.html]
[subject/ethical-hacking.html]
[subject/digital-forensics.html]
[subject/reverse-engineering.html]
[subject/pentesting.html]
[subject/malware-analysis.html]
[subject/devsecops.html]
[subject/osint.html]
[subject/threat-intelligence.html]
[subject/infosec-certifications.html]
[subject/red-team.html]
[subject/blue-team.html]
[report/2022-year-in-review/index.html]
[report/author/dhawal/index.html]
[report/review-science-of-well-being/index.html]
[report/best-resume-writing-courses/index.html]
[report/best-ocaml-courses/index.html]
[report/review-exploratory-data-analysis-matlab/index.html]
[lists.html]
[signup.html]
[login.html]
[subject/digital-marketing.html]
[course/improving-study-techniques-13420.html]
[course/managing-human-resources-5462.html]
[course/musculoskeletal-6738.html]
[help/moocs.html]
[university/stanford.html]
[collection/sustainability-online-courses.html]
[university/mit.html]
[institution/google.html]
[institution/amazon.html]
[report/category/best-courses/index.html]
[report/online-learning-deals/index.html]
[images/illustrations/homepage-discover-01.html]
[university/harvard.html]
[university/iit-kharagpur.html]
[university/rice.html]
[university/iitm.html]
[university/columbia.html]
[university/cornell.html]
[university/edinburgh.html]
[university/purdue.html]
[university/penn.html]
[university/duke.html]
[university/umich.html]
[provider/coursera.html]
[provider/edx.html]
[provider/futurelearn.html]
[provider/udemy.html]
[provider/swayam.html]
[provider/linkedin-learning.html]
[provider/skillshare.html]
[providers.html]
[institution/microsoft.html]
[institution/ibm.html]
[institution/smithsonian.html]
[provider/unccelearn.html]
[institution/british-council.html]
[institutions.html]
[report/udemy-layoffs/index.html]
[report/harvard-cs50-guide/index.html]
[report/author/manoel/index.html]
[report/chinese-mooc-platforms/index.html]
[report/author/ruima/index.html]
[report/futurelearn-expands-paywall/index.html]
[report/author/pat-bowden/index.html]
[report/udemy-by-the-numbers/index.html]
[report/domestika-layoffs/index.html]
[report/thinkific-layoffs/index.html]
[report/udemy-new-ceo/index.html]
[report/best-davinci-resolve-courses/index.html]
[report/best-free-prolog-courses/index.html]
[report/best-japanese-courses/index.html]
[report/udemy-top-courses/index.html]
[report/india-online-degrees/index.html]
[report/mooc-based-masters-degree/index.html]
[report/list-of-mooc-based-microcredentials/index.html]
[provider/udacity.html]
[university/gatech.html]
[institution/linuxfoundation.html]
[institution/salesforce.html]
[report/most-popular-courses-2023/index.html]
[report/coursera-top-courses/index.html]
[report/edx-top-courses/index.html]
[report/class-central-ddos-attack/index.html]
[report/cs50-free-certificate/index.html]
[report/open-university-insiders-perspective/index.html]
[report/google-free-certificates/index.html]
[report/linkedin-learning-free-learning-paths/index.html]
[collection/ivy-league-moocs/index.html]
[report/writing-free-online-courses/index.html]
[about.html]
[about/privacy-policy.html]
[about/careers.html]
[help.html]
[contact.html]
[update-item/index.html]
[delete-item/index.html]
[move-item/index.html]
[maestro/course-reviews/index.html]
[coordinator/index.html]
[s/index.html]
[enrollee-list/update-item-progress/index.html]
[cdn-cgi/l/email-protection.html]
